# for emacs users: -*- mode: conf -*-

strings as usual
compose as usual for "iso-8859-1"
keymaps 0-63

# Esc
keycode 11 =			Escape
AltGr ShiftL keycode 11 =	Escape
#keycode 68 =			
AltGr keycode 68 =		F11
# 1
keycode 2 =			one
Shift keycode 2 =		exclam
ShiftL keycode 2 =		bar
ShiftR keycode 2 =		bar
Shift ShiftL keycode 2 =	exclamdown
Shift ShiftR keycode 2 =	exclamdown
AltGr ShiftL keycode 2 =	F1
Control Alt ShiftL keycode 2 =	Console_1
keycode 59 =			bar
Shift keycode 59 =		exclamdown
AltGr keycode 59 =		F1
Control Alt keycode 59 =	Console_1
# 2
keycode 3 =			two
Shift keycode 3 =		at
ShiftL keycode 3 =		backslash
ShiftR keycode 3 =		backslash
AltGr ShiftL keycode 3 =	F2
Control Alt ShiftL keycode 3 =	Console_2
keycode 60 =			backslash
AltGr keycode 60 =		F2
Control Alt keycode 60 =	Console_2
# 3
keycode 4 =			three
Shift keycode 4 =		numbersign
ShiftL keycode 4 =		pound
ShiftR keycode 4 =		pound
AltGr ShiftL keycode 4 =	F3
Control Alt ShiftL keycode 4 =	Console_3
keycode 61 =			pound
AltGr keycode 61 =		F3
Control Alt keycode 61 =	Console_3
# 4
keycode 5 =			four
Shift keycode 5 =		dollar
ShiftL keycode 5 =		U+20AC
ShiftR keycode 5 =		U+20AC
AltGr ShiftL keycode 5 =	F4
Control Alt ShiftL keycode 5 =	Console_4
keycode 62 =			U+20AC
AltGr keycode 62 =		F4
Control Alt keycode 62 =	Console_4
# 5
keycode 6 =			five
Shift keycode 6 =		percent
ShiftL keycode 6 =		asciitilde
ShiftR keycode 6 =		asciitilde
AltGr ShiftL keycode 6 =	F5
Control Alt ShiftL keycode 6 =	Console_5
keycode 63 =			asciitilde
AltGr keycode 63 =		F5
Control Alt keycode 63 =	Console_5
# 6
keycode 7 =			six
Shift keycode 7 =		asciicircum
ShiftL keycode 7 =		grave
ShiftR keycode 7 =		grave
AltGr ShiftL keycode 7 =	F6
Control Alt ShiftL keycode 7 =	Console_6
keycode 64 =			grave
AltGr keycode 64 =		F6
Control Alt keycode 64 =	Console_6
# 7
keycode 8 =			seven
Shift keycode 8 =		ampersand
ShiftL keycode 8 =		minus
ShiftR keycode 8 =		minus
Shift ShiftL keycode 8 =	U+2013
Shift ShiftR keycode 8 =	U+2013
AltGr ShiftL keycode 8 =	F7
Control Alt ShiftL keycode 8 =	Console_7
keycode 65 =			minus
Shift keycode 65 =		U+2013
AltGr keycode 65 =		F7
Control Alt keycode 65 =	Console_7
# 8
keycode 9 =			eight
Shift keycode 9 =		asterisk
ShiftL keycode 9 =		equal
ShiftR keycode 9 =		equal
AltGr ShiftL keycode 9 =	F8
keycode 66 =			equal
AltGr keycode 66 =		F8
# 9
keycode 10 =			nine
Shift keycode 10 =		parenleft
ShiftL keycode 10 =		underscore
ShiftR keycode 10 =		underscore
AltGr ShiftL keycode 10 =	F9
keycode 67 =			underscore
AltGr keycode 67 =		F9
# 0
keycode 13 =			zero
Shift keycode 13 =		parenright
ShiftL keycode 13 =		plus
ShiftR keycode 13 =		plus
AltGr ShiftL keycode 13 =	F10
keycode 87 =			plus
AltGr keycode 87 =		F10
# Backspace
keycode 14 =			BackSpace
ShiftL keycode 14 =		Remove # "Delete" also exists but it doesn't delete things, no idea what that is
ShiftR keycode 14 =		Remove
AltGr ShiftL keycode 14 =	F12
keycode 88 =			Remove
AltGr keycode 88 =		F12
#----------------------------------------------------------------
# Tab
keycode 15 =			Tab
ShiftL keycode 15 =		Compose
ShiftR keycode 15 =		Compose
keycode 1 =			Compose
# Q
keycode 16 =			q
#keycode 102 =			
# W
keycode 17 =			w
ShiftL keycode 17 =		U+20A9
ShiftR keycode 17 =		U+20A9
keycode 103 = 	 		U+20A9
# E
keycode 18 =			e
ShiftL keycode 18 =		eacute
ShiftR keycode 18 =		eacute
Shift ShiftL keycode 18 =	Eacute
Shift ShiftR keycode 18 =	Eacute
keycode 107 =			eacute
Shift keycode 107 =		Eacute
# R
keycode 19 =			r
ShiftL keycode 19 =		registered
ShiftR keycode 19 =		registered
keycode 104 =			registered
# T
keycode 20 =			t
ShiftL keycode 20 =		U+2122
ShiftR keycode 20 =		U+2122
keycode 39 =  	 		U+2122
# Y
keycode 21 =			y
ShiftL keycode 21 =		yen
ShiftR keycode 21 =		yen
keycode 40 =  	 		yen
# U
keycode 22 =			u
ShiftL keycode 22 =		quotedbl
ShiftR keycode 22 =		quotedbl
AltGr ShiftL keycode 22 =	udiaeresis
Shift AltGr ShiftL keycode 22 =	Udiaeresis
keycode 86 =			quotedbl
AltGr keycode 86 =		udiaeresis
Shift AltGr keycode 86 =	Udiaeresis
# I
keycode 23 =			i
ShiftL keycode 23 =		braceleft
ShiftR keycode 23 =		braceleft
AltGr ShiftL keycode 23 =	idotless
keycode 127 =			braceleft
AltGr keycode 127 =		idotless
# O
keycode 24 =			o
ShiftL keycode 24 =		braceright
ShiftR keycode 24 =		braceright
AltGr ShiftL keycode 24 =	odiaeresis
Shift AltGr ShiftL keycode 24 =	Odiaeresis
keycode 70 =			braceright
AltGr keycode 70 =		odiaeresis
Shift AltGr keycode 70 =	Odiaeresis
# P
keycode 25 =			p
ShiftL keycode 25 =		Prior
ShiftR keycode 25 =		Prior
AltGr ShiftL keycode 25 =	U+20BD
keycode 54 =			Prior
AltGr keycode 54 =		U+20BD
# Enter
keycode 28 =			Return
ShiftL keycode 28 =		Insert
ShiftR keycode 28 =		Insert
keycode 110 =			Insert
#----------------------------------------------------------------
# Pine
keycode 125 =			Meta_nul
#keycode 99 =			? # didn't find what print is called but it's probably not used in ttys anyway
# A
keycode 30 =			a
ShiftL keycode 30 =		adiaeresis
ShiftR keycode 30 =		adiaeresis
Shift ShiftL keycode 30 =	Adiaeresis
Shift ShiftR keycode 30 =	Adiaeresis
keycode 105 =	       		adiaeresis
Shift keycode 105 =		Adiaeresis
# S
keycode 31 =			s
ShiftL keycode 31 =		ssharp
ShiftR keycode 31 =		ssharp
Shift ShiftL keycode 31 =	U+1E9E
Shift ShiftR keycode 31 =	U+1E9E
keycode 108 =	       		ssharp
Shift keycode 108 =		U+1E9E
# D
keycode 32 =			d
ShiftL keycode 32 =		degree
ShiftR keycode 32 =		degree
Shift ShiftL keycode 32 =	eth
Shift ShiftR keycode 32 =	eth
keycode 106 =	       		degree
Shift keycode 106 =		eth
# F
keycode 33 =			f
ShiftL keycode 33 =		U+03B8
ShiftR keycode 33 =		U+03B8
keycode 109 = 	 		U+03B8
# G
keycode 34 =			g
#keycode 41 =			
# H
keycode 35 =			h
#keycode 43 =			
# J
keycode 36 =			j
ShiftL keycode 36 =		apostrophe
ShiftR keycode 36 =		apostrophe
Shift ShiftL keycode 36 =	quotedbl
Shift ShiftR keycode 36 =	quotedbl
keycode 58 =			apostrophe
Shift keycode 58 =		quotedbl
# K
keycode 37 =			k
ShiftL keycode 37 =		bracketleft
ShiftR keycode 37 =		bracketleft
Shift ShiftL keycode 37 =	braceleft
Shift ShiftR keycode 37 =	braceleft
keycode 124 =			bracketleft
Shift keycode 124 =		braceleft
# L
keycode 38 =			l
ShiftL keycode 38 =		bracketright
ShiftR keycode 38 =		bracketright
Shift ShiftL keycode 38 =	braceright
Shift ShiftR keycode 38 =	braceright
AltGr ShiftL keycode 38 =	U+0142
Shift AltGr ShiftL keycode 38 =	U+0141
keycode 126 =			bracketright
Shift keycode 126 =		braceright
AltGr keycode 126 =		U+0142
Shift AltGr keycode 126 =	U+0141
# Semicolon
keycode 53 =			semicolon
Shift keycode 53 =		colon
ShiftL keycode 53 =		Next
ShiftR keycode 53 =		Next
keycode 111 =			Next
#----------------------------------------------------------------
# Shift
keycode 42 =			Shift # Shift, ShiftL and ShiftR are separate and the default behavior is accessed via Shift
keycode 82 =			Shift
# Z
keycode 44 =			z
ShiftL keycode 44 =		U+017E
ShiftR keycode 44 =		U+017E
Shift ShiftL keycode 44 =	U+017D
Shift ShiftR keycode 44 =	U+017D
keycode 83 =			U+017E
Shift keycode 83 =		U+017D
# X
keycode 45 =			x
ShiftL keycode 45 =		multiply
ShiftR keycode 45 =		multiply
keycode 121 = 	 		multiply
# C
keycode 46 =			c
ShiftL keycode 46 =		U+010D
ShiftR keycode 46 =		U+010D
Shift ShiftL keycode 46 =	U+010C
Shift ShiftR keycode 46 =	U+010C
keycode 96 =			U+010D
Shift keycode 96 =		U+010C
# V
keycode 47 =			v
#keycode 117 =			
# B
keycode 48 =			b
#keycode 26 =			
# N
keycode 49 =			n
ShiftL keycode 49 =		ntilde
ShiftR keycode 49 =		ntilde
Shift ShiftL keycode 49 =	Ntilde
Shift ShiftR keycode 49 =	Ntilde
keycode 27 =	       		ntilde
Shift keycode 27 =		Ntilde
# M
keycode 50 =			m
ShiftL keycode 50 =		mu
ShiftR keycode 50 =		mu
keycode 78 =  	 		mu
# Comma
keycode 51 =			comma
Shift keycode 51 =		less
ShiftL keycode 51 =		Home
ShiftR keycode 51 =		Home
keycode 74 =			Home
# Period
keycode 52 =			period
Shift keycode 52 =		greater
ShiftL keycode 52 =		Up
ShiftR keycode 52 =		Up
AltGr ShiftL keycode 52 =	U+2026
keycode 55 =			Up
AltGr keycode 55 =		U+2026
# Slash
keycode 12 =			slash
Shift keycode 12 =		question
ShiftL keycode 12 =		End
ShiftR keycode 12 =		End
keycode 98 =			End
AltGr keycode 98 =		questiondown
#----------------------------------------------------------------
# Ctrl
keycode 29 =			Control # Control, CtrlL and CtrlR are separate and the default behavior is accessed via Control
keycode 79 =			Control
# Fn
keycode 194 =			ShiftL # only for the `full-improved` kernel driver; for level 3, not the same as Shift
# Alt
keycode 56 =			Alt # unlike Shift and Control that have regular, L and R versions, Alt only has LAlt and RAlt, Alt and AltGr are just aliases for them
keycode 80 =			Alt
# Space
keycode 57 =			space
keycode 81 =			space
# AltGr
keycode 100 =			AltGr
keycode 75 =			AltGr
# Apostrophe
keycode 76 =			ShiftR # for level 3, not the same as Shift
ShiftL keycode 76 =		Left
keycode 77 =			Left
# Left Bracket
keycode 97 =			Control
ShiftL keycode 97 =		Down
keycode 71 =			Down
# Right Bracket
keycode 72 =			Shift
ShiftL keycode 72 =		Right
keycode 73 =			Right
