# for emacs users: -*- mode: conf -*-

strings as usual
compose as usual for "iso-8859-1"
keymaps 0-63

# Esc
keycode 1 =			Escape
ShiftL keycode 1 =		F11
# 1
keycode 2 =			one
Shift keycode 2 =		exclam
ShiftL keycode 2 =		F1
Control Alt ShiftL keycode 2 =	Console_1
ShiftR keycode 2 =		bar
Shift ShiftR keycode 2 =	exclamdown
Control Alt ShiftR keycode 2 =	Console_1
keycode 59 =			bar
Shift keycode 59 =		exclamdown
Control Alt keycode 59 =	Console_1 # i added both fn and pine to switch ttys since it seems like the key binding is always bound to physical f keys on x/wayland
# 2
keycode 3 =			two
Shift keycode 3 =		at
ShiftL keycode 3 =		F2
Control Alt ShiftL keycode 3 =	Console_2
ShiftR keycode 3 =		backslash
Control Alt ShiftR keycode 3 =	Console_2
keycode 60 =			backslash
Control Alt keycode 60 =	Console_2
# 3
keycode 4 =			three
Shift keycode 4 =		numbersign
ShiftL keycode 4 =		F3
Control Alt ShiftL keycode 4 =	Console_3
ShiftR keycode 4 =		pound
Control Alt ShiftR keycode 4 =	Console_3
keycode 61 =			pound
Control Alt keycode 61 =	Console_3
# 4
keycode 5 =			four
Shift keycode 5 =		dollar
ShiftL keycode 5 =		F4
Control Alt ShiftL keycode 5 =	Console_4
ShiftR keycode 5 =		U+20AC
Control Alt ShiftR keycode 5 =	Console_4
keycode 62 =			U+20AC
Control Alt keycode 62 =	Console_4
# 5
keycode 6 =			five
Shift keycode 6 =		percent
ShiftL keycode 6 =		F5
Control Alt ShiftL keycode 6 =	Console_5
ShiftR keycode 6 =		asciitilde
Control Alt ShiftR keycode 6 =	Console_5
keycode 63 =			asciitilde
Control Alt keycode 63 =	Console_5
# 6
keycode 7 =			six
Shift keycode 7 =		asciicircum
ShiftL keycode 7 =		F6
Control Alt ShiftL keycode 7 =	Console_6
ShiftR keycode 7 =		grave
Control Alt ShiftR keycode 7 =	Console_6
keycode 64 =			grave
Control Alt keycode 64 =	Console_6
# 7
keycode 8 =			seven
Shift keycode 8 =		ampersand
ShiftL keycode 8 =		F7
Control Alt ShiftL keycode 8 =	Console_7
ShiftR keycode 8 =		minus
Shift ShiftR keycode 8 =	U+2013
Control Alt ShiftR keycode 8 =	Console_7
keycode 65 =			minus
Shift keycode 65 =		U+2013
Control Alt keycode 65 =	Console_7
# 8
keycode 9 =			eight
Shift keycode 9 =		asterisk
ShiftL keycode 9 =		F8
ShiftR keycode 9 =		equal
keycode 66 =			equal
# 9
keycode 10 =			nine
Shift keycode 10 =		parenleft
ShiftL keycode 10 =		F9
ShiftR keycode 10 =		underscore
keycode 67 =			underscore
# 0
keycode 11 =			zero
Shift keycode 11 =		parenright
ShiftL keycode 11 =		F10
ShiftR keycode 11 =		plus
keycode 68 =			plus
# Backspace
keycode 14 =			BackSpace
ShiftL keycode 14 =		F12
ShiftR keycode 14 =		Remove
keycode 111 =			Remove # "Delete" also exists but it doesn't delete things, no idea what that is
#----------------------------------------------------------------
# Tab
keycode 15 =			Tab
# Q
keycode 16 =			q
# W
keycode 17 =			w
ShiftL keycode 17 =		U+20A9
# E
keycode 18 =			e
ShiftL keycode 18 =		eacute
Shift ShiftL keycode 18 =	Eacute
# R
keycode 19 =			r
ShiftL keycode 19 =		registered
# T
keycode 20 =			t
ShiftL keycode 20 =		U+2122
# Y
keycode 21 =			y
ShiftL keycode 21 =		yen
# U
keycode 22 =			u
ShiftL keycode 22 =		udiaeresis
Shift ShiftL keycode 22 =	Udiaeresis
# I
keycode 23 =			i
ShiftL keycode 23 =		idotless
# O
keycode 24 =			o
ShiftL keycode 24 =		odiaeresis
Shift ShiftL keycode 24 =	Odiaeresis
# P
keycode 25 =			p
ShiftL keycode 25 =		U+20BD
# Enter
keycode 28 =			Return
#----------------------------------------------------------------
# Pine
keycode 125 =			ShiftL
#keycode 99 =			? # didn't find what print is called but it's probably not used in ttys anyway
# A
keycode 30 =			a
ShiftL keycode 30 =		adiaeresis
Shift ShiftL keycode 30 =	Adiaeresis
# S
keycode 31 =			s
ShiftL keycode 31 =		ssharp
Shift ShiftL keycode 31 =	U+1E9E
# D
keycode 32 =			d
ShiftL keycode 32 =		degree
Shift ShiftL keycode 32 =	eth
# F
keycode 33 =			f
ShiftL keycode 33 =		U+03B8
# G
keycode 34 =			g
# H
keycode 35 =			h
# J
keycode 36 =			j
# K
keycode 37 =			k
# L
keycode 38 =			l
ShiftL keycode 38 =		U+0142
Shift ShiftL keycode 38 =	U+0141
# Semicolon
keycode 39 =			semicolon
Shift keycode 39 =		colon
ShiftR keycode 39 =		Insert
keycode 110 =			Insert
#----------------------------------------------------------------
# Shift
keycode 42 =			Shift # Shift, ShiftL and ShiftR are separate and the default behavior is accessed via Shift
# Z
keycode 44 =			z
ShiftL keycode 44 =		U+017E
Shift ShiftL keycode 44 =	U+017D
# X
keycode 45 =			x
ShiftL keycode 45 =		multiply
# C
keycode 46 =			c
ShiftL keycode 46 =		U+010D
Shift ShiftL keycode 46 =	U+010C
# V
keycode 47 =			v
# B
keycode 48 =			b
# N
keycode 49 =			n
ShiftL keycode 49 =		ntilde
Shift ShiftL keycode 49 =	Ntilde
# M
keycode 50 =			m
ShiftL keycode 50 =		mu
# Comma
keycode 51 =			comma
Shift keycode 51 =		less
ShiftR keycode 51 =		Home
keycode 102 =			Home
# Period
keycode 52 =			period
Shift keycode 52 =		greater
ShiftL keycode 52 =		U+2026
ShiftR keycode 52 =		Up
keycode 103 =			Up
# Slash
keycode 53 =			slash
Shift keycode 53 =		question
ShiftL keycode 53 =		questiondown
ShiftR keycode 53 =		End
keycode 107 =			End
#----------------------------------------------------------------
# Ctrl
keycode 29 =			Control # Control, CtrlL and CtrlR are separate and the default behavior is accessed via Control
# Fn
keycode 194 =			ShiftR # only for the `regular-improved` kernel driver; for level 3, not the same as Shift
# Alt
keycode 56 =			Alt
# Space
keycode 57 =			space
# AltGr
keycode 100 =			AltGr
# Apostrophe
keycode 40 =			apostrophe
Shift keycode 40 =		quotedbl
ShiftL keycode 40 =		U+2019
ShiftR keycode 40 =		Left
keycode 105 =			Left
# Left Bracket
keycode 26 =			bracketleft
Shift keycode 26 =		braceleft
ShiftR keycode 26 =		Down
keycode 108 =			Down
# Right Bracket
keycode 27 =			bracketright
Shift keycode 27 =		braceright
ShiftR keycode 27 =		Right
keycode 106 =			Right
