# for emacs users: -*- mode: conf -*-

strings as usual
compose as usual for "iso-8859-1"
keymaps 0-63

# Esc
keycode 11 =				zero
Shift keycode 11 =			question
ShiftR keycode 11 =			dead_acute
ShiftL keycode 11 =			dead_acute
Shift ShiftR keycode 11 =		questiondown
Shift ShiftL keycode 11 =		questiondown
ShiftL ShiftR keycode 11 =		F10
keycode 68 =				dead_acute
Shift keycode 68 =			questiondown
ShiftR keycode 68 =			F10
# 1
keycode 2 =				one
Shift keycode 2 =			exclam
ShiftR keycode 2 =			grave
ShiftL keycode 2 =			grave
Shift ShiftR keycode 2 =		exclamdown
Shift ShiftL keycode 2 =		exclamdown
ShiftL ShiftR keycode 2 =		F1
Control Alt ShiftL keycode 2 =		Console_1
keycode 59 =				grave
Shift keycode 59 =			exclamdown
ShiftR keycode 59 =			F1
Control Alt keycode 59 =		Console_1
# 2
keycode 3 =				two
Shift keycode 3 =			quotedbl
ShiftR keycode 3 =			U+2033
ShiftL keycode 3 =			U+2033
Shift ShiftR keycode 3 =		U+201A
Shift ShiftL keycode 3 =		U+201A
ShiftL ShiftR keycode 3 =		F2
Control Alt ShiftL keycode 3 =		Console_2
keycode 60 =				U+2033
Shift keycode 60 =			U+201A
ShiftR keycode 60 =			F2
Control Alt keycode 60 =		Console_2
# 3
keycode 4 =				three
Shift keycode 4 =			apostrophe
ShiftR keycode 4 =			U+2032
ShiftL keycode 4 =			U+2032
Shift ShiftR keycode 4 =		U+2018
Shift ShiftL keycode 4 =		U+2018
ShiftL ShiftR keycode 4 =		F3
Control Alt ShiftL keycode 4 =		Console_3
keycode 61 =				U+2032
Shift keycode 61 =			U+2018
ShiftR keycode 61 =			F3
Control Alt keycode 61 =		Console_3
# 4
keycode 5 =				four
Shift keycode 5 =			U+2019
ShiftR keycode 5 =			asciicircum
ShiftL keycode 5 =			asciicircum
Shift ShiftR keycode 5 =		dead_macron
Shift ShiftL keycode 5 =		dead_macron
ShiftL ShiftR keycode 5 =		F4
Control Alt ShiftL keycode 5 =		Console_4
keycode 62 =				asciicircum
Shift keycode 62 =			dead_macron
ShiftR keycode 62 =			F4
Control Alt keycode 62 =		Console_4
# 5
keycode 6 =				five
Shift keycode 6 =			U+201C
ShiftR keycode 6 =			U+201E
ShiftL keycode 6 =			U+201E
Shift ShiftR keycode 6 =		U+2018
Shift ShiftL keycode 6 =		U+2018
ShiftL ShiftR keycode 6 =		F5
Control Alt ShiftL keycode 6 =		Console_5
keycode 63 =				U+201E
Shift keycode 63 =			U+2018
ShiftR keycode 63 =			F5
Control Alt keycode 63 =		Console_5
# 6
keycode 7 =				six
Shift keycode 7 =			U+201D
ShiftR keycode 7 =			U+201C
ShiftL keycode 7 =			U+201C
Shift ShiftR keycode 7 =		U+2019
Shift ShiftL keycode 7 =		U+2019
ShiftL ShiftR keycode 7 =		F6
Control Alt ShiftL keycode 7 =		Console_6
keycode 64 =				U+201C
Shift keycode 64 =			U+2019
ShiftR keycode 64 =			F6
Control Alt keycode 64 =		Console_6
# 7
keycode 8 =				seven
Shift keycode 8 =			percent
ShiftR keycode 8 =			asciitilde
ShiftL keycode 8 =			asciitilde
Shift ShiftR keycode 8 =		U+2300
Shift ShiftL keycode 8 =		U+2300
ShiftL ShiftR keycode 8 =		F7
Control Alt ShiftL keycode 8 =		Console_7
keycode 65 =				asciitilde
Shift keycode 65 =			U+2300
ShiftR keycode 65 =			F7
Control Alt keycode 65 =		Console_7
# 8
keycode 9 =				eight
Shift keycode 9 =			numbersign
ShiftR keycode 9 =			plusminus
ShiftL keycode 9 =			plusminus
Shift ShiftR keycode 9 =		U+22C5
Shift ShiftL keycode 9 =		U+22C5
ShiftL ShiftR keycode 9 =		F8
keycode 66 =				plusminus
Shift keycode 66 =			U+22C5
ShiftR keycode 66 =			F8
# 9
keycode 10 =				nine
Shift keycode 10 =			asterisk
ShiftR keycode 10 =			U+2212
ShiftL keycode 10 =			U+2212
Shift ShiftR keycode 10 =		U+221A
Shift ShiftL keycode 10 =		U+221A
ShiftL ShiftR keycode 10 =		F9
keycode 67 =				U+2212
Shift keycode 67 =			U+221A
ShiftR keycode 67 =			F9
# 0
keycode 13 =				plus
Shift keycode 13 =			equal
ShiftR keycode 13 =			U+2260
ShiftL keycode 13 =			U+2260
Shift ShiftR keycode 13 =		U+2248
Shift ShiftL keycode 13 =		U+2248
ShiftL ShiftR keycode 13 =		F11
keycode 87 =				U+2260
Shift keycode 87 =			U+2248
ShiftR keycode 87 =			F11
# Backspace
keycode 14 =				BackSpace
ShiftR keycode 14 =			Remove # "Delete" also exists but it doesn't delete things, no idea what that is
ShiftL keycode 14 =			Remove
ShiftL ShiftR keycode 14 =		F12
keycode 88 =				Remove
ShiftR keycode 88 =			F12
#----------------------------------------------------------------
# Tab
keycode 15 =				Tab
ShiftR keycode 15 =			Escape
ShiftL keycode 15 =			Escape
ShiftL ShiftR keycode 15 =		Compose
keycode 1 =				Escape
ShiftR keycode 1 =			Compose
# Q
keycode 16 =				q
ShiftR keycode 16 =			Home
ShiftL keycode 16 =			Home
keycode 102 =				Home
# W
keycode 17 =				w
ShiftR keycode 17 =			Up
ShiftL keycode 17 =			Up
ShiftL ShiftR keycode 17 =		U+20A9
keycode 103 =				Up
ShiftR keycode 103 =			U+20A9
# E
keycode 18 =				e
ShiftR keycode 18 =			End
ShiftL keycode 18 =			End
ShiftL ShiftR keycode 18 =		eacute
Shift ShiftL ShiftR keycode 18 =	Eacute
keycode 107 =				End
ShiftR keycode 107 =			eacute
Shift ShiftR keycode 107 =		Eacute
# R
keycode 19 =				r
ShiftR keycode 19 =			Prior
ShiftL keycode 19 =			Prior
ShiftL ShiftR keycode 104 =		registered
keycode 104 =				Prior
ShiftR keycode 104 =			registered
# T
keycode 20 =				t
ShiftR keycode 20 =			U+2122
ShiftL keycode 20 =			U+2122
Shift ShiftR keycode 20 =		registered
Shift ShiftL keycode 20 =		registered
keycode 39 =				U+2122
Shift keycode 39 =			registered
# Y
keycode 21 =				y
ShiftR keycode 21 =			yen
ShiftL keycode 21 =			yen
Shift ShiftR keycode 21 =		cent
Shift ShiftL keycode 21 =		cent
keycode 40 =				yen
Shift keycode 40 =			cent
# U
keycode 22 =				u
ShiftR keycode 22 =			udiaeresis
ShiftL keycode 22 =			udiaeresis
Shift ShiftR keycode 22 =		Udiaeresis
Shift ShiftL keycode 22 =		Udiaeresis
keycode 86 =				udiaeresis
Shift keycode 86 =			Udiaeresis
# I
keycode 23 =				i
ShiftR keycode 23 =			adiaeresis
ShiftL keycode 23 =			adiaeresis
Shift ShiftR keycode 23 =		Adiaeresis
Shift ShiftL keycode 23 =		Adiaeresis
Shift ShiftL ShiftR keycode 23 =	idotless
keycode 127 =				adiaeresis
Shift keycode 127 =			Adiaeresis
Shift ShiftR keycode 127 =		idotless
# O
keycode 24 =				o
ShiftR keycode 24 =			odiaeresis
ShiftL keycode 24 =			odiaeresis
Shift ShiftR keycode 24 =		Odiaeresis
Shift ShiftR keycode 24 =		Odiaeresis
keycode 70 =				odiaeresis
Shift keycode 70 =			Odiaeresis
# P
keycode 25 =				p
ShiftR keycode 25 =			U+20BD
ShiftL keycode 25 =			U+20BD
#Shift ShiftR keycode 25 =		U+1F12F # unicode symbols above f000 break layouts
#Shift ShiftL keycode 25 =		U+1F12F # unicode symbols above f000 break layouts
keycode 54 =				U+20BD
#Shift keycode 54 =			U+1F12F # unicode symbols above f000 break layouts
# Enter
keycode 28 =				Return
ShiftR keycode 28 =			Insert
ShiftL keycode 28 =			Insert
keycode 110 =				Insert
#----------------------------------------------------------------
# Pine
keycode 125 =				Meta_nul
#keycode 99 =				? # didn't find what print is called but it's probably not used in ttys anyway
# A
keycode 30 =				a
ShiftR keycode 30 =			Left
ShiftL keycode 30 =			Left
keycode 105 =				Left
# S
keycode 31 =				s
ShiftR keycode 31 =			Down
ShiftL keycode 31 =			Down
ShiftL ShiftR keycode 31 =		section
keycode 108 =				Down
ShiftR keycode 108 =			section
# D
keycode 32 =				d
ShiftR keycode 32 =			Right
ShiftL keycode 32 =			Right
ShiftL ShiftR keycode 32 =		degree
Shift ShiftL ShiftR keycode 32 =	eth
keycode 106 =				Right
ShiftR keycode 106 =			degree
Shift ShiftR keycode 106 =		eth
# F
keycode 33 =				f
ShiftR keycode 33 =			Next
ShiftL keycode 33 =			Next
ShiftL ShiftR keycode 33 =		U+03B8
keycode 109 =				Next
ShiftR keycode 109 =			U+03B8
# G
keycode 34 =				g
ShiftR keycode 34 =			pound
ShiftL keycode 34 =			pound
keycode 41 =				pound
# H
keycode 35 =				h
ShiftR keycode 35 =			at
ShiftL keycode 35 =			at
keycode 43 =				at
# J
keycode 36 =				j
ShiftR keycode 36 =			dollar
ShiftL keycode 36 =			dollar
keycode 58 =				dollar
# K
keycode 37 =				k
ShiftR keycode 37 =			ampersand
ShiftL keycode 37 =			ampersand
keycode 124 =				ampersand
# L
keycode 38 =				l
ShiftR keycode 38 =			U+20AC
ShiftL keycode 38 =			U+20AC
ShiftL ShiftR keycode 126 =		U+0142
Shift ShiftL ShiftR keycode 126 =	U+0141
keycode 126 =				U+20AC
ShiftR keycode 126 =			U+0142
Shift ShiftR keycode 126 =		U+0141
# Semicolon
keycode 53 =				slash
Shift keycode 53 =			backslash
ShiftR keycode 53 =			bar
ShiftL keycode 53 =			bar
Shift ShiftR keycode 53 =		division
Shift ShiftL keycode 53 =		division
keycode 111 =				bar
Shift keycode 111 =			division
#----------------------------------------------------------------
# Shift
keycode 42 =				Shift # Shift, ShiftR and ShiftL are separate and the default behavior is accessed via Shift
keycode 82 =				Shift
# Z
keycode 44 =				z
ShiftR keycode 44 =			ssharp
ShiftL keycode 44 =			ssharp
Shift ShiftR keycode 44 =		U+1E9E
Shift ShiftL keycode 44 =		U+1E9E
keycode 83 =				ssharp
Shift keycode 83 =			U+1E9E
# X
keycode 45 =				x
ShiftR keycode 45 =			multiply
ShiftL keycode 45 =			multiply
Shift ShiftR keycode 45 =		cent
Shift ShiftL keycode 45 =		cent
keycode 121 =				multiply
Shift keycode 121 =			cent
# C
keycode 46 =				c
ShiftR keycode 46 =			less
ShiftL keycode 46 =			less
Shift ShiftR keycode 46 =		U+2264
Shift ShiftL keycode 46 =		U+2264
keycode 96 =				less
Shift keycode 96 =			U+2264
# V
keycode 47 =				v
ShiftR keycode 47 =			greater
ShiftL keycode 47 =			greater
Shift ShiftR keycode 47 =		U+2265
Shift ShiftL keycode 47 =		U+2265
keycode 117 =				greater
Shift keycode 117 =			U+2265
# B
keycode 48 =				b
ShiftR keycode 48 =			bracketleft
ShiftL keycode 48 =			bracketleft
Shift ShiftR keycode 48 =		ntilde
Shift ShiftL keycode 48 =		ntilde
keycode 26 =				bracketleft
Shift keycode 26 =			ntilde
# N
keycode 49 =				n
ShiftR keycode 49 =			bracketright
ShiftL keycode 49 =			bracketright
Shift ShiftR keycode 49 =		U+03C0
Shift ShiftL keycode 49 =		U+03C0
keycode 27 =				bracketright
Shift keycode 27 =			U+03C0
# M
keycode 50 =				m
ShiftR keycode 50 =			braceleft
ShiftL keycode 50 =			braceleft
Shift ShiftR keycode 50 =		mu
Shift ShiftL keycode 50 =		mu
keycode 78 =				braceleft
Shift keycode 78 =			mu
# Comma
keycode 51 =				comma
Shift keycode 51 =			semicolon
ShiftR keycode 51 =			braceright
ShiftL keycode 51 =			braceright
Shift ShiftR keycode 51 =		U+2022
Shift ShiftL keycode 51 =		U+2022
keycode 74 =				braceright
Shift keycode 74 =			U+2022
# Period
keycode 52 =				period
Shift keycode 52 =			colon
ShiftR keycode 52 =			parenleft
ShiftL keycode 52 =			parenleft
Shift ShiftR keycode 52 =		U+2026
Shift ShiftL keycode 52 =		U+2026
keycode 55 =				parenleft
Shift keycode 55 =			U+2026
# Slash
keycode 12 =				minus
Shift keycode 12 =			underscore
ShiftR keycode 12 =			parenright
ShiftL keycode 12 =			parenright
Shift ShiftR keycode 12 =		U+2013
Shift ShiftL keycode 12 =		U+2013
keycode 98 =				parenright
Shift keycode 98 =			U+2013
#----------------------------------------------------------------
# Ctrl
keycode 29 =				Control # Control, CtrlL and CtrlR are separate and the default behavior is accessed via Control
keycode 79 =				Control
# Fn
keycode 194 =				ShiftL # only for the `full-improved` kernel driver; for level 3, not the same as Shift
# Alt
keycode 56 =				Alt # unlike Shift and Control that have regular, L and R versions, Alt only has LAlt and RAlt, Alt and AltGr are just aliases for them
keycode 80 =				Alt
# Space
keycode 57 =				space
keycode 81 =				space
# AltGr
keycode 100 =				AltGr
keycode 75 =				AltGr
# Apostrophe
keycode 76 =				ShiftR # for level 3, not the same as Shift
keycode 77 =				ShiftR
# Left Bracket
keycode 97 =				Control
keycode 71 =				Control
# Right Bracket
keycode 72 =				Shift
keycode 73 =				Shift
