# for emacs users: -*- mode: conf -*-

strings as usual
compose as usual for "iso-8859-1"
keymaps 0-63

# Esc
keycode 1 =			Escape
# 1
keycode 2 =			one
Shift keycode 2 =		exclam
ShiftL keycode 2 =		bar
Shift ShiftL keycode 2 =	exclamdown
plain keycode 59 =		F1 # f keys have to include "plain", otherwise the key bindings to switch between gui and ttys won't work and one can get in but never out of tty, i assume without plain it overrides the ctrl+alt level of that binding, but regular terminal shortcuts like control-c still work, so i guess that specific level is redefined elsewhere to whatever does the tty switching
# 2
keycode 3 =			two
Shift keycode 3 =		quotedbl
ShiftL keycode 3 =		backslash
plain keycode 60 =		F2
# 3
keycode 4 =			three
Shift keycode 4 =		section
ShiftL keycode 4 =		pound
plain keycode 61 =		F3
# 4
keycode 5 =			four
Shift keycode 5 =		dollar
ShiftL keycode 5 =		asterisk
plain keycode 62 =		F4
# 5
keycode 6 =			five
Shift keycode 6 =		percent
ShiftL keycode 6 =		asciitilde
Shift ShiftL keycode 6 =	dead_circumflex
plain keycode 63 =		F5
# 6
keycode 7 =			six
Shift keycode 7 =		ampersand
ShiftL keycode 7 =		dead_grave
Shift ShiftL keycode 7 =	dead_acute
plain keycode 64 =		F6
# 7
keycode 8 =			seven
Shift keycode 8 =		slash
ShiftL keycode 8 =		braceleft
plain keycode 65 =		F7
# 8
keycode 9 =			eight
Shift keycode 9 =		parenleft
ShiftL keycode 9 =		bracketleft
plain keycode 66 =		F8
# 9
keycode 10 =			nine
Shift keycode 10 =		parenright
ShiftL keycode 10 =		bracketright
plain keycode 67 =		F9
# 0
keycode 11 =			zero
Shift keycode 11 =		equal
ShiftL keycode 11 =		braceright
Shift ShiftL keycode 11 =	question
plain keycode 68 =		F10
# Backspace
keycode 14 =			BackSpace
keycode 111 =			Remove # "Delete" also exists but it doesn't delete things, no idea what that is
#----------------------------------------------------------------
# Tab
keycode 15 =			Tab
# Q
keycode 16 =			q
ShiftL keycode 16 =		at
# W
keycode 17 =			w
ShiftL keycode 17 =		U+20A9
# E
keycode 18 =			e
ShiftL keycode 18 =		U+20AC
Shift ShiftL keycode 18 =	eacute
# R
keycode 19 =			r
# T
keycode 20 =			t
ShiftL keycode 20 =		U+2122
# Y
keycode 21 =			z
ShiftL keycode 21 =		U+017E
Shift ShiftL keycode 21 =	U+017D
# U
keycode 22 =			u
ShiftL keycode 22 =		udiaeresis
Shift ShiftL keycode 22 =	Udiaeresis
# I
keycode 23 =			i
ShiftL keycode 23 =		idotless
# O
keycode 24 =			o
ShiftL keycode 24 =		odiaeresis
Shift ShiftL keycode 24 =	Odiaeresis
# P
keycode 25 =			p
ShiftL keycode 25 =		U+20BD
# Enter
keycode 28 =			Return
#----------------------------------------------------------------
# Pine
keycode 125 =			ShiftL
#keycode 99 =			? # didn't find what print is called but it's probably not used in ttys anyway
# A
keycode 30 =			a
ShiftL keycode 30 =		adiaeresis
Shift ShiftL keycode 30 =	Adiaeresis
# S
keycode 31 =			s
ShiftL keycode 31 =		ssharp
Shift ShiftL keycode 31 =	U+1E9E
# D
keycode 32 =			d
ShiftL keycode 32 =		degree
Shift ShiftL keycode 32 =	eth
# F
keycode 33 =			f
ShiftL keycode 33 =		U+03B8
# G
keycode 34 =			g
# H
keycode 35 =			h
# J
keycode 36 =			j
# K
keycode 37 =			k
# L
keycode 38 =			l
ShiftL keycode 38 =		U+0142
Shift ShiftL keycode 38 =	U+0141
# Semicolon
keycode 39 =			numbersign
Shift keycode 39 =		apostrophe
ShiftL keycode 39 =		U+2019
keycode 110 =			Insert
#----------------------------------------------------------------
# Shift
keycode 42 =			Shift # Shift, ShiftL and ShiftR are separate and the default behavior is accessed via Shift
# Z
keycode 44 =			y
ShiftL keycode 44 =		yen
# X
keycode 45 =			x
ShiftL keycode 45 =		multiply
# C
keycode 46 =			c
ShiftL keycode 46 =		U+010D
Shift ShiftL keycode 46 =	U+010C
# V
keycode 47 =			v
# B
keycode 48 =			b
# N
keycode 49 =			n
ShiftL keycode 49 =		ntilde
Shift ShiftL keycode 49 =	Ntilde
# M
keycode 50 =			m
ShiftL keycode 50 =		mu
# Comma
keycode 51 =			comma
Shift keycode 51 =		semicolon
ShiftL keycode 51 =		less
keycode 102 =			Home
# Period
keycode 52 =			period
Shift keycode 52 =		colon
ShiftL keycode 52 =		greater
Shift ShiftL keycode 52 =	U+2026
keycode 103 =			Up
# Slash
keycode 53 =			minus
Shift keycode 53 =		underscore
ShiftL keycode 53 =		plus
Shift ShiftL keycode 53 =	endash
keycode 107 =			End
#----------------------------------------------------------------
# Ctrl
keycode 29 =			Control # Control, CtrlL and CtrlR are separate and the default behavior is accessed via Control
# Fn
#keycode			# fn is not passed through
# Alt
keycode 56 =			Alt
# Space
keycode 57 =			space
# AltGr
keycode 100 =			ssharp
Shift keycode 100 =		U+1E9E
# Apostrophe
keycode 40 =			adiaeresis
Shift keycode 40 =		Adiaeresis
keycode 105 =			Left
# Left Bracket
keycode 26 =			odiaeresis
Shift keycode 26 =		Odiaeresis
keycode 108 =			Down
# Right Bracket
keycode 27 =			udiaeresis
Shift keycode 27 =		Udiaeresis
keycode 106 =			Right

