strings as usual
compose as usual for "iso-8859-1"
keymaps 0-63

# Esc
keycode 1 =			Escape
AltGr keycode 1 =		F11
# 1
keycode 2 =			one
Shift keycode 2 =		exclam
AltGr keycode 2 =		F1
Control Alt AltGr keycode 2 =	Console_1  # at least on my arch sxmo install, both f2 and f3 open tty3, but binding f2 to Console_2 makes it open tty2, i don't know why it opens tty3 by default, change the f2 binding to Console_3 if it causes you any issues; it also seems common that the maximum is tty6 and binding anything above Console_6 to a key doesn't do anything
keycode 59 =			bar
Shift keycode 59 =		exclamdown
# 2
keycode 3 =			two
Shift keycode 3 =		at
AltGr keycode 3 =		F2
Control Alt AltGr keycode 3 =	Console_2
keycode 60 =			backslash
# 3
keycode 4 =			three
Shift keycode 4 =		numbersign
AltGr keycode 4 =		F3
Control Alt AltGr keycode 4 =	Console_3
keycode 61 =			pound
# 4
keycode 5 =			four
Shift keycode 5 =		dollar
AltGr keycode 5 =		F4
Control Alt AltGr keycode 5 =	Console_4
keycode 62 =			U+20AC
# 5
keycode 6 =			five
Shift keycode 6 =		percent
AltGr keycode 6 =		F5
Control Alt AltGr keycode 6 =	nul # due to the layout of the keyboard's electrical matrix, alt+altgr+3 / alt+altgr+5 will also activate 6 / 3, in either case in the order of first 3 and then 5, so binding this to tty5 would cause both f3 and f5 to switch to tty3 and then immediately to tty5, making tty3 inaccessible; since tty3 is more likely to be used i bound alt+altgr+f5 to nul; now pressing either combination leads to tty3. if this is an issue for you, consider binding Console_5 to another key like f7, or use a layout with a different modifier key for f keys
keycode 63 =			asciitilde
# 6
keycode 7 =			six
Shift keycode 7 =		asciicircum
AltGr keycode 7 =		F6
Control Alt AltGr keycode 7 =	Console_6
keycode 64 =			grave
# 7
keycode 8 =			seven
Shift keycode 8 =		ampersand
AltGr keycode 8 =		F7
keycode 65 =			minus
Shift keycode 65 =		U+2013
# 8
keycode 9 =			eight
Shift keycode 9 =		asterisk
AltGr keycode 9 =		F8
keycode 66 =			equal
# 9
keycode 10 =			nine
Shift keycode 10 =		parenleft
AltGr keycode 10 =		F9
keycode 67 =			underscore
# 0
keycode 11 =			zero
Shift keycode 11 =		parenright
AltGr keycode 11 =		F10
keycode 68 =			plus
# Backspace
keycode 14 =			BackSpace
AltGr keycode 14 =		F12
keycode 111 =			Remove # "Delete" also exists but it doesn't delete things, no idea what that is
#----------------------------------------------------------------
# Tab
keycode 15 =			Tab
# Q
keycode 16 =			q
# W
keycode 17 =			w
AltGr keycode 17 =		U+20A9
# E
keycode 18 =			e
AltGr keycode 18 =		eacute
Shift AltGr keycode 18 =	Eacute
# R
keycode 19 =			r
# T
keycode 20 =			t
AltGr keycode 20 =		U+2122
# Y
keycode 21 =			y
AltGr keycode 21 =		yen
# U
keycode 22 =			u
AltGr keycode 22 =		udiaeresis
Shift AltGr keycode 22 =	Udiaeresis
# I
keycode 23 =			i
AltGr keycode 23 =		idotless
# O
keycode 24 =			o
AltGr keycode 24 =		odiaeresis
Shift AltGr keycode 24 =	Odiaeresis
# P
keycode 25 =			p
AltGr keycode 25 =		U+20BD
# Enter
keycode 28 =			Return
#----------------------------------------------------------------
# Pine
keycode 125 =			Meta_nul
#keycode 99 =			? # didn't find what print is called but it's probably not used in ttys anyway
# A
keycode 30 =			a
AltGr keycode 30 =		adiaeresis
Shift AltGr keycode 30 =	Adiaeresis
# S
keycode 31 =			s
AltGr keycode 31 =		ssharp
Shift AltGr keycode 31 =	U+1E9E
# D
keycode 32 =			d
AltGr keycode 32 =		degree
Shift AltGr keycode 32 =	eth
# F
keycode 33 =			f
AltGr keycode 33 =		U+03B8
# G
keycode 34 =			g
# H
keycode 35 =			h
# J
keycode 36 =			j
# K
keycode 37 =			k
# L
keycode 38 =			l
AltGr keycode 38 =		U+0142
Shift AltGr keycode 38 =	U+0141
# Semicolon
keycode 39 =			semicolon
Shift keycode 39 =		colon
keycode 110 =			Insert
#----------------------------------------------------------------
# Shift
keycode 42 =			Shift # Shift, AltGr and ShiftR are separate and the default behavior is accessed via Shift
# Z
keycode 44 =			z
AltGr keycode 44 =		U+017E
Shift AltGr keycode 44 =	U+017D
# X
keycode 45 =			x
AltGr keycode 45 =		multiply
# C
keycode 46 =			c
AltGr keycode 46 =		U+010D
Shift AltGr keycode 46 =	U+010C
# V
keycode 47 =			v
# B
keycode 48 =			b
# N
keycode 49 =			n
AltGr keycode 49 =		ntilde
Shift AltGr keycode 49 =	Ntilde
# M
keycode 50 =			m
AltGr keycode 50 =		mu
# Comma
keycode 51 =			comma
Shift keycode 51 =		less
keycode 102 =			Home
# Period
keycode 52 =			period
Shift keycode 52 =		greater
AltGr keycode 52 =		U+2026
keycode 103 =			Up
# Slash
keycode 53 =			slash
Shift keycode 53 =		question
AltGr keycode 53 =		questiondown
keycode 107 =			End
#----------------------------------------------------------------
# Ctrl
keycode 29 =			Control # Control, CtrlL and CtrlR are separate and the default behavior is accessed via Control
# Fn
#keycode			# fn is not passed through
# Alt
keycode 56 =			Alt
# Space
keycode 57 =			space
# AltGr
keycode 100 =			AltGr
# Apostrophe
keycode 40 =			apostrophe
Shift keycode 40 =		quotedbl
AltGr keycode 40 =		U+2019
keycode 105 =			Left
# Left Bracket
keycode 26 =			bracketleft
Shift keycode 26 =		braceleft
keycode 108 =			Down
# Right Bracket
keycode 27 =			bracketright
Shift keycode 27 =		braceright
keycode 106 =			Right

